2026-04-29 14:45:59 [INFO] 🚀 Starting Flask server on port 5000...
2026-04-29 14:45:59 [INFO] [31m[1mWARNING: This is a development server. Do not use it in a production deployment. Use a production WSGI server instead.[0m
 * Running on http://127.0.0.1:5000
2026-04-29 14:45:59 [INFO] [33mPress CTRL+C to quit[0m
2026-04-29 14:45:59 [INFO]  * Restarting with stat
2026-04-29 14:45:59 [INFO] 🚀 Starting Flask server on port 5000...
2026-04-29 14:45:59 [WARNING]  * Debugger is active!
2026-04-29 14:45:59 [INFO]  * Debugger PIN: 218-154-981
2026-04-29 14:46:18 [INFO] 127.0.0.1 - - [29/Apr/2026 14:46:18] "OPTIONS /api/login HTTP/1.1" 200 -
2026-04-29 14:46:18 [INFO] 📡 Calling TU API for user: 6709420019
2026-04-29 14:46:19 [INFO] 📥 TU API Response: 200
2026-04-29 14:46:19 [INFO] 127.0.0.1 - - [29/Apr/2026 14:46:19] "POST /api/login HTTP/1.1" 200 -
2026-04-29 15:30:30 [INFO] 🚀 Starting Flask server on port 5000...
2026-04-29 15:30:30 [INFO] [31m[1mWARNING: This is a development server. Do not use it in a production deployment. Use a production WSGI server instead.[0m
 * Running on http://127.0.0.1:5000
2026-04-29 15:30:30 [INFO] [33mPress CTRL+C to quit[0m
2026-04-29 15:30:30 [INFO]  * Restarting with stat
2026-04-29 15:30:31 [INFO] 🚀 Starting Flask server on port 5000...
2026-04-29 15:30:31 [WARNING]  * Debugger is active!
2026-04-29 15:30:31 [INFO]  * Debugger PIN: 218-154-981
2026-04-29 15:31:02 [INFO] 127.0.0.1 - - [29/Apr/2026 15:31:02] "OPTIONS /api/login HTTP/1.1" 200 -
2026-04-29 15:31:02 [INFO] 📡 Calling TU API for user: 6709420019
2026-04-29 15:31:02 [INFO] 📥 TU API Response: 200
2026-04-29 15:31:04 [INFO] 127.0.0.1 - - [29/Apr/2026 15:31:04] "POST /api/login HTTP/1.1" 200 -
2026-04-29 15:32:29 [INFO]  * Detected change in 'c:\\Users\\Lenovo\\Desktop\\CS\\Year_2\\2\\CS242\\Slitherhub\\backend\\services\\moodle_api_service.py', reloading
2026-04-29 15:32:29 [INFO]  * Restarting with stat
2026-04-29 15:32:29 [INFO] 🚀 Starting Flask server on port 5000...
2026-04-29 15:32:29 [WARNING]  * Debugger is active!
2026-04-29 15:32:29 [INFO]  * Debugger PIN: 218-154-981
2026-04-29 15:32:35 [INFO]  * Detected change in 'c:\\Users\\Lenovo\\Desktop\\CS\\Year_2\\2\\CS242\\Slitherhub\\backend\\services\\moodle_api_service.py', reloading
2026-04-29 15:32:35 [INFO]  * Restarting with stat
2026-04-29 15:32:35 [INFO] 🚀 Starting Flask server on port 5000...
2026-04-29 15:32:35 [WARNING]  * Debugger is active!
2026-04-29 15:32:35 [INFO]  * Debugger PIN: 218-154-981
2026-04-29 15:32:37 [INFO]  * Detected change in 'c:\\Users\\Lenovo\\Desktop\\CS\\Year_2\\2\\CS242\\Slitherhub\\backend\\services\\moodle_api_service.py', reloading
2026-04-29 15:32:37 [INFO]  * Restarting with stat
2026-04-29 15:32:37 [INFO] 🚀 Starting Flask server on port 5000...
2026-04-29 15:32:37 [WARNING]  * Debugger is active!
2026-04-29 15:32:37 [INFO]  * Debugger PIN: 218-154-981
2026-04-29 15:32:40 [INFO]  * Detected change in 'c:\\Users\\Lenovo\\Desktop\\CS\\Year_2\\2\\CS242\\Slitherhub\\backend\\services\\moodle_api_service.py', reloading
2026-04-29 15:32:40 [INFO]  * Restarting with stat
2026-04-29 15:32:40 [INFO] 🚀 Starting Flask server on port 5000...
2026-04-29 15:32:40 [WARNING]  * Debugger is active!
2026-04-29 15:32:40 [INFO]  * Debugger PIN: 218-154-981
2026-04-29 15:54:00 [INFO]  * Detected change in 'c:\\Users\\Lenovo\\Desktop\\CS\\Year_2\\2\\CS242\\Slitherhub\\backend\\controllers\\user_controller.py', reloading
2026-04-29 15:54:00 [INFO]  * Restarting with stat
2026-04-29 15:54:00 [INFO] 🚀 Starting Flask server on port 5000...
2026-04-29 15:54:00 [WARNING]  * Debugger is active!
2026-04-29 15:54:00 [INFO]  * Debugger PIN: 218-154-981
2026-04-29 16:02:31 [INFO] 🚀 Starting Flask server on port 5000...
2026-04-29 16:02:31 [INFO] [31m[1mWARNING: This is a development server. Do not use it in a production deployment. Use a production WSGI server instead.[0m
 * Running on http://127.0.0.1:5000
2026-04-29 16:02:31 [INFO] [33mPress CTRL+C to quit[0m
2026-04-29 16:02:31 [INFO]  * Restarting with stat
2026-04-29 16:02:32 [INFO] 🚀 Starting Flask server on port 5000...
2026-04-29 16:02:32 [WARNING]  * Debugger is active!
2026-04-29 16:02:32 [INFO]  * Debugger PIN: 218-154-981
2026-04-29 16:05:25 [INFO] 127.0.0.1 - - [29/Apr/2026 16:05:25] "OPTIONS /api/login HTTP/1.1" 200 -
2026-04-29 16:05:25 [INFO] 📡 Calling TU API for user: 6709420019
2026-04-29 16:05:26 [INFO] 📥 TU API Response: 200
2026-04-29 16:05:37 [INFO] 127.0.0.1 - - [29/Apr/2026 16:05:37] "POST /api/login HTTP/1.1" 200 -
2026-04-29 16:07:58 [INFO]  * Detected change in 'c:\\Users\\Lenovo\\Desktop\\CS\\Year_2\\2\\CS242\\Slitherhub\\backend\\services\\moodle_api_service.py', reloading
2026-04-29 16:07:58 [INFO]  * Restarting with stat
2026-04-29 16:25:45 [INFO] 🚀 Starting Flask server on port 5000...
2026-04-29 16:25:45 [INFO] [31m[1mWARNING: This is a development server. Do not use it in a production deployment. Use a production WSGI server instead.[0m
 * Running on http://127.0.0.1:5000
2026-04-29 16:25:45 [INFO] [33mPress CTRL+C to quit[0m
2026-04-29 16:25:45 [INFO]  * Restarting with stat
2026-04-29 16:25:45 [INFO] 🚀 Starting Flask server on port 5000...
2026-04-29 16:25:45 [WARNING]  * Debugger is active!
2026-04-29 16:25:45 [INFO]  * Debugger PIN: 218-154-981
2026-04-29 16:32:38 [INFO] 127.0.0.1 - - [29/Apr/2026 16:32:38] "OPTIONS /api/login HTTP/1.1" 200 -
2026-04-29 16:32:38 [INFO] 📡 Calling TU API for user: 6709420019
2026-04-29 16:32:38 [INFO] 📥 TU API Response: 400
2026-04-29 16:32:38 [INFO] 127.0.0.1 - - [29/Apr/2026 16:32:38] "[31m[1mPOST /api/login HTTP/1.1[0m" 401 -
2026-04-29 16:32:45 [INFO] 127.0.0.1 - - [29/Apr/2026 16:32:45] "OPTIONS /api/login HTTP/1.1" 200 -
2026-04-29 16:32:45 [INFO] 📡 Calling TU API for user: 6709420019
2026-04-29 16:32:46 [INFO] 📥 TU API Response: 200
2026-04-29 16:32:57 [INFO] 127.0.0.1 - - [29/Apr/2026 16:32:57] "POST /api/login HTTP/1.1" 200 -
2026-04-29 16:35:37 [INFO]  * Detected change in 'c:\\Users\\Lenovo\\Desktop\\CS\\Year_2\\2\\CS242\\Slitherhub\\backend\\services\\moodle_api_service.py', reloading
2026-04-29 16:35:37 [INFO]  * Restarting with stat
2026-04-29 16:35:37 [INFO] 🚀 Starting Flask server on port 5000...
2026-04-29 16:35:37 [WARNING]  * Debugger is active!
2026-04-29 16:35:37 [INFO]  * Debugger PIN: 218-154-981
2026-04-29 16:35:39 [INFO]  * Detected change in 'c:\\Users\\Lenovo\\Desktop\\CS\\Year_2\\2\\CS242\\Slitherhub\\backend\\services\\moodle_api_service.py', reloading
2026-04-29 16:35:39 [INFO]  * Restarting with stat
2026-04-29 16:35:39 [INFO] 🚀 Starting Flask server on port 5000...
2026-04-29 16:35:39 [WARNING]  * Debugger is active!
2026-04-29 16:35:39 [INFO]  * Debugger PIN: 218-154-981
2026-04-29 16:35:41 [INFO]  * Detected change in 'c:\\Users\\Lenovo\\Desktop\\CS\\Year_2\\2\\CS242\\Slitherhub\\backend\\services\\moodle_api_service.py', reloading
2026-04-29 16:35:41 [INFO]  * Restarting with stat
2026-04-29 16:35:41 [INFO] 🚀 Starting Flask server on port 5000...
2026-04-29 16:35:41 [WARNING]  * Debugger is active!
2026-04-29 16:35:41 [INFO]  * Debugger PIN: 218-154-981
2026-04-29 16:35:47 [INFO]  * Detected change in 'c:\\Users\\Lenovo\\Desktop\\CS\\Year_2\\2\\CS242\\Slitherhub\\backend\\services\\moodle_api_service.py', reloading
2026-04-29 16:35:47 [INFO]  * Restarting with stat
2026-04-29 16:35:48 [INFO] 🚀 Starting Flask server on port 5000...
2026-04-29 16:35:48 [WARNING]  * Debugger is active!
2026-04-29 16:35:48 [INFO]  * Debugger PIN: 218-154-981
2026-04-29 16:37:15 [INFO] 🚀 Starting Flask server on port 5000...
2026-04-29 16:37:15 [INFO] [31m[1mWARNING: This is a development server. Do not use it in a production deployment. Use a production WSGI server instead.[0m
 * Running on http://127.0.0.1:5000
2026-04-29 16:37:15 [INFO] [33mPress CTRL+C to quit[0m
2026-04-29 16:37:15 [INFO]  * Restarting with stat
2026-04-29 16:37:15 [INFO] 🚀 Starting Flask server on port 5000...
2026-04-29 16:37:15 [WARNING]  * Debugger is active!
2026-04-29 16:37:15 [INFO]  * Debugger PIN: 218-154-981
2026-04-29 16:37:48 [INFO] 127.0.0.1 - - [29/Apr/2026 16:37:48] "OPTIONS /api/login HTTP/1.1" 200 -
2026-04-29 16:37:48 [INFO] 📡 Calling TU API for user: 6709420019
2026-04-29 16:37:49 [INFO] 📥 TU API Response: 200
2026-04-29 16:37:59 [INFO] 127.0.0.1 - - [29/Apr/2026 16:37:59] "POST /api/login HTTP/1.1" 200 -
2026-04-29 16:39:57 [INFO]  * Detected change in 'c:\\Users\\Lenovo\\Desktop\\CS\\Year_2\\2\\CS242\\Slitherhub\\backend\\model\\assignment_model.py', reloading
2026-04-29 16:39:57 [INFO]  * Restarting with stat
2026-04-29 16:39:58 [INFO] 🚀 Starting Flask server on port 5000...
2026-04-29 16:39:58 [WARNING]  * Debugger is active!
2026-04-29 16:39:58 [INFO]  * Debugger PIN: 218-154-981
2026-04-29 16:40:00 [INFO]  * Detected change in 'c:\\Users\\Lenovo\\Desktop\\CS\\Year_2\\2\\CS242\\Slitherhub\\backend\\model\\assignment_model.py', reloading
2026-04-29 16:40:00 [INFO]  * Restarting with stat
2026-04-29 16:40:01 [INFO] 🚀 Starting Flask server on port 5000...
2026-04-29 16:40:01 [WARNING]  * Debugger is active!
2026-04-29 16:40:01 [INFO]  * Debugger PIN: 218-154-981
2026-04-29 16:40:22 [INFO]  * Detected change in 'c:\\Users\\Lenovo\\Desktop\\CS\\Year_2\\2\\CS242\\Slitherhub\\backend\\model\\assignment_model.py', reloading
2026-04-29 16:40:22 [INFO]  * Restarting with stat
2026-04-29 16:40:22 [INFO] 🚀 Starting Flask server on port 5000...
2026-04-29 16:40:22 [WARNING]  * Debugger is active!
2026-04-29 16:40:22 [INFO]  * Debugger PIN: 218-154-981
2026-04-29 16:40:26 [INFO]  * Detected change in 'c:\\Users\\Lenovo\\Desktop\\CS\\Year_2\\2\\CS242\\Slitherhub\\backend\\model\\assignment_model.py', reloading
2026-04-29 16:40:26 [INFO]  * Restarting with stat
2026-04-29 16:40:26 [INFO] 🚀 Starting Flask server on port 5000...
2026-04-29 16:40:26 [WARNING]  * Debugger is active!
2026-04-29 16:40:26 [INFO]  * Debugger PIN: 218-154-981
2026-04-29 16:40:29 [INFO]  * Detected change in 'c:\\Users\\Lenovo\\Desktop\\CS\\Year_2\\2\\CS242\\Slitherhub\\backend\\model\\assignment_model.py', reloading
2026-04-29 16:40:29 [INFO]  * Restarting with stat
2026-04-29 16:40:29 [INFO] 🚀 Starting Flask server on port 5000...
2026-04-29 16:40:29 [WARNING]  * Debugger is active!
2026-04-29 16:40:30 [INFO]  * Debugger PIN: 218-154-981
2026-04-29 16:42:27 [INFO] 127.0.0.1 - - [29/Apr/2026 16:42:27] "OPTIONS /api/login HTTP/1.1" 200 -
2026-04-29 16:42:27 [INFO] 📡 Calling TU API for user: 6709420019
2026-04-29 16:42:28 [INFO] 📥 TU API Response: 200
2026-04-29 16:42:38 [INFO] 127.0.0.1 - - [29/Apr/2026 16:42:38] "POST /api/login HTTP/1.1" 200 -
2026-04-29 16:46:04 [INFO] 🚀 Starting Flask server on port 5000...
2026-04-29 16:46:04 [INFO] [31m[1mWARNING: This is a development server. Do not use it in a production deployment. Use a production WSGI server instead.[0m
 * Running on http://127.0.0.1:5000
2026-04-29 16:46:04 [INFO] [33mPress CTRL+C to quit[0m
2026-04-29 16:46:04 [INFO]  * Restarting with stat
2026-04-29 16:46:05 [INFO] 🚀 Starting Flask server on port 5000...
2026-04-29 16:46:05 [WARNING]  * Debugger is active!
2026-04-29 16:46:05 [INFO]  * Debugger PIN: 218-154-981
2026-04-29 16:46:09 [INFO] 127.0.0.1 - - [29/Apr/2026 16:46:09] "OPTIONS /api/login HTTP/1.1" 200 -
2026-04-29 16:46:09 [INFO] 📡 Calling TU API for user: 6709420019
2026-04-29 16:46:10 [INFO] 📥 TU API Response: 200
2026-04-29 16:46:19 [INFO] 127.0.0.1 - - [29/Apr/2026 16:46:19] "POST /api/login HTTP/1.1" 200 -
2026-04-29 16:49:24 [INFO]  * Detected change in 'c:\\Users\\Lenovo\\Desktop\\CS\\Year_2\\2\\CS242\\Slitherhub\\backend\\model\\assignment_model.py', reloading
2026-04-29 16:49:24 [INFO]  * Restarting with stat
2026-04-29 16:49:24 [INFO] 🚀 Starting Flask server on port 5000...
2026-04-29 16:49:24 [WARNING]  * Debugger is active!
2026-04-29 16:49:24 [INFO]  * Debugger PIN: 218-154-981
2026-04-29 16:49:31 [INFO]  * Detected change in 'c:\\Users\\Lenovo\\Desktop\\CS\\Year_2\\2\\CS242\\Slitherhub\\backend\\model\\assignment_model.py', reloading
2026-04-29 16:49:31 [INFO]  * Restarting with stat
2026-04-29 16:49:32 [INFO] 🚀 Starting Flask server on port 5000...
2026-04-29 16:49:32 [WARNING]  * Debugger is active!
2026-04-29 16:49:32 [INFO]  * Debugger PIN: 218-154-981
2026-04-29 16:49:51 [INFO] 127.0.0.1 - - [29/Apr/2026 16:49:51] "OPTIONS /api/login HTTP/1.1" 200 -
2026-04-29 16:49:51 [INFO] 📡 Calling TU API for user: 6709420019
2026-04-29 16:49:52 [INFO] 📥 TU API Response: 200
2026-04-29 16:50:03 [INFO] 127.0.0.1 - - [29/Apr/2026 16:50:03] "POST /api/login HTTP/1.1" 200 -
2026-04-29 16:53:13 [INFO]  * Detected change in 'c:\\Users\\Lenovo\\Desktop\\CS\\Year_2\\2\\CS242\\Slitherhub\\backend\\services\\moodle_api_service.py', reloading
2026-04-29 16:53:14 [INFO]  * Restarting with stat
2026-04-29 16:53:14 [INFO] 🚀 Starting Flask server on port 5000...
2026-04-29 16:53:14 [WARNING]  * Debugger is active!
2026-04-29 16:53:14 [INFO]  * Debugger PIN: 218-154-981
2026-04-29 16:53:24 [INFO]  * Detected change in 'c:\\Users\\Lenovo\\Desktop\\CS\\Year_2\\2\\CS242\\Slitherhub\\backend\\services\\moodle_api_service.py', reloading
2026-04-29 16:53:24 [INFO]  * Restarting with stat
2026-04-29 16:53:24 [INFO] 🚀 Starting Flask server on port 5000...
2026-04-29 16:53:24 [WARNING]  * Debugger is active!
2026-04-29 16:53:24 [INFO]  * Debugger PIN: 218-154-981
2026-04-29 16:53:35 [INFO]  * Detected change in 'c:\\Users\\Lenovo\\Desktop\\CS\\Year_2\\2\\CS242\\Slitherhub\\backend\\services\\moodle_api_service.py', reloading
2026-04-29 16:53:35 [INFO]  * Restarting with stat
2026-04-29 16:53:35 [INFO] 🚀 Starting Flask server on port 5000...
2026-04-29 16:53:35 [WARNING]  * Debugger is active!
2026-04-29 16:53:35 [INFO]  * Debugger PIN: 218-154-981
2026-04-29 16:53:53 [INFO] 📡 Calling TU API for user: 6709420019
2026-04-29 16:53:56 [INFO] 📥 TU API Response: 200
2026-04-29 16:54:09 [INFO] 127.0.0.1 - - [29/Apr/2026 16:54:09] "POST /api/login HTTP/1.1" 200 -
2026-04-29 16:54:13 [INFO]  * Detected change in 'c:\\Users\\Lenovo\\Desktop\\CS\\Year_2\\2\\CS242\\Slitherhub\\backend\\services\\moodle_api_service.py', reloading
2026-04-29 16:54:13 [INFO]  * Restarting with stat
2026-04-29 16:54:13 [INFO] 🚀 Starting Flask server on port 5000...
2026-04-29 16:54:13 [WARNING]  * Debugger is active!
2026-04-29 16:54:13 [INFO]  * Debugger PIN: 218-154-981
2026-04-29 16:54:17 [INFO]  * Detected change in 'c:\\Users\\Lenovo\\Desktop\\CS\\Year_2\\2\\CS242\\Slitherhub\\backend\\services\\moodle_api_service.py', reloading
2026-04-29 16:54:17 [INFO]  * Restarting with stat
2026-04-29 16:54:17 [INFO] 🚀 Starting Flask server on port 5000...
2026-04-29 16:54:17 [WARNING]  * Debugger is active!
2026-04-29 16:54:17 [INFO]  * Debugger PIN: 218-154-981
2026-04-29 16:54:20 [INFO]  * Detected change in 'c:\\Users\\Lenovo\\Desktop\\CS\\Year_2\\2\\CS242\\Slitherhub\\backend\\services\\moodle_api_service.py', reloading
2026-04-29 16:54:20 [INFO]  * Restarting with stat
2026-04-29 16:54:20 [INFO] 🚀 Starting Flask server on port 5000...
2026-04-29 16:54:20 [WARNING]  * Debugger is active!
2026-04-29 16:54:20 [INFO]  * Debugger PIN: 218-154-981
2026-04-29 16:54:28 [INFO]  * Detected change in 'c:\\Users\\Lenovo\\Desktop\\CS\\Year_2\\2\\CS242\\Slitherhub\\backend\\services\\moodle_api_service.py', reloading
2026-04-29 16:54:28 [INFO]  * Restarting with stat
2026-04-29 16:54:28 [INFO] 🚀 Starting Flask server on port 5000...
2026-04-29 16:54:28 [WARNING]  * Debugger is active!
2026-04-29 16:54:28 [INFO]  * Debugger PIN: 218-154-981
2026-04-29 16:54:34 [INFO] 📡 Calling TU API for user: 6709420019
2026-04-29 16:54:35 [INFO] 📥 TU API Response: 200
2026-04-29 16:54:43 [INFO] 127.0.0.1 - - [29/Apr/2026 16:54:43] "POST /api/login HTTP/1.1" 200 -
2026-04-29 16:55:11 [INFO]  * Detected change in 'c:\\Users\\Lenovo\\Desktop\\CS\\Year_2\\2\\CS242\\Slitherhub\\backend\\services\\moodle_api_service.py', reloading
2026-04-29 16:55:11 [INFO]  * Restarting with stat
2026-04-29 16:55:11 [INFO] 🚀 Starting Flask server on port 5000...
2026-04-29 16:55:11 [WARNING]  * Debugger is active!
2026-04-29 16:55:11 [INFO]  * Debugger PIN: 218-154-981
2026-04-29 16:55:44 [INFO]  * Detected change in 'c:\\Users\\Lenovo\\Desktop\\CS\\Year_2\\2\\CS242\\Slitherhub\\backend\\model\\assignment_model.py', reloading
2026-04-29 16:55:44 [INFO]  * Restarting with stat
2026-04-29 16:55:44 [INFO] 🚀 Starting Flask server on port 5000...
2026-04-29 16:55:44 [WARNING]  * Debugger is active!
2026-04-29 16:55:45 [INFO]  * Debugger PIN: 218-154-981
2026-04-29 16:55:49 [INFO]  * Detected change in 'c:\\Users\\Lenovo\\Desktop\\CS\\Year_2\\2\\CS242\\Slitherhub\\backend\\model\\assignment_model.py', reloading
2026-04-29 16:55:50 [INFO]  * Restarting with stat
2026-04-29 16:59:12 [INFO] 🚀 Starting Flask server on port 5000...
2026-04-29 16:59:12 [INFO] [31m[1mWARNING: This is a development server. Do not use it in a production deployment. Use a production WSGI server instead.[0m
 * Running on http://127.0.0.1:5000
2026-04-29 16:59:12 [INFO] [33mPress CTRL+C to quit[0m
2026-04-29 16:59:12 [INFO]  * Restarting with stat
2026-04-29 16:59:13 [INFO] 🚀 Starting Flask server on port 5000...
2026-04-29 16:59:13 [WARNING]  * Debugger is active!
2026-04-29 16:59:13 [INFO]  * Debugger PIN: 218-154-981
2026-04-29 16:59:18 [INFO] 📡 Calling TU API for user: 6709420019
2026-04-29 16:59:19 [INFO] 📥 TU API Response: 200
2026-04-29 16:59:28 [INFO] 127.0.0.1 - - [29/Apr/2026 16:59:28] "POST /api/login HTTP/1.1" 200 -
2026-04-29 17:00:50 [INFO]  * Detected change in 'c:\\Users\\Lenovo\\Desktop\\CS\\Year_2\\2\\CS242\\Slitherhub\\backend\\services\\moodle_api_service.py', reloading
2026-04-29 17:00:50 [INFO]  * Restarting with stat
2026-04-29 17:00:51 [INFO] 🚀 Starting Flask server on port 5000...
2026-04-29 17:00:51 [WARNING]  * Debugger is active!
2026-04-29 17:00:51 [INFO]  * Debugger PIN: 218-154-981
2026-04-29 17:00:52 [INFO]  * Detected change in 'c:\\Users\\Lenovo\\Desktop\\CS\\Year_2\\2\\CS242\\Slitherhub\\backend\\services\\moodle_api_service.py', reloading
2026-04-29 17:00:52 [INFO]  * Restarting with stat
2026-04-29 17:00:53 [INFO] 🚀 Starting Flask server on port 5000...
2026-04-29 17:00:53 [WARNING]  * Debugger is active!
2026-04-29 17:00:53 [INFO]  * Debugger PIN: 218-154-981
2026-04-29 17:00:56 [INFO]  * Detected change in 'c:\\Users\\Lenovo\\Desktop\\CS\\Year_2\\2\\CS242\\Slitherhub\\backend\\services\\moodle_api_service.py', reloading
2026-04-29 17:00:56 [INFO]  * Restarting with stat
2026-04-29 17:00:57 [INFO] 🚀 Starting Flask server on port 5000...
2026-04-29 17:00:57 [WARNING]  * Debugger is active!
2026-04-29 17:00:57 [INFO]  * Debugger PIN: 218-154-981
2026-04-29 17:01:02 [INFO]  * Detected change in 'c:\\Users\\Lenovo\\Desktop\\CS\\Year_2\\2\\CS242\\Slitherhub\\backend\\services\\moodle_api_service.py', reloading
2026-04-29 17:01:02 [INFO]  * Restarting with stat
2026-04-29 17:01:02 [INFO] 🚀 Starting Flask server on port 5000...
2026-04-29 17:01:02 [WARNING]  * Debugger is active!
2026-04-29 17:01:02 [INFO]  * Debugger PIN: 218-154-981
2026-04-29 17:01:09 [INFO]  * Detected change in 'c:\\Users\\Lenovo\\Desktop\\CS\\Year_2\\2\\CS242\\Slitherhub\\backend\\services\\moodle_api_service.py', reloading
2026-04-29 17:01:09 [INFO]  * Restarting with stat
2026-04-29 17:01:10 [INFO] 🚀 Starting Flask server on port 5000...
2026-04-29 17:01:10 [WARNING]  * Debugger is active!
2026-04-29 17:01:10 [INFO]  * Debugger PIN: 218-154-981
2026-04-29 17:01:11 [INFO]  * Detected change in 'c:\\Users\\Lenovo\\Desktop\\CS\\Year_2\\2\\CS242\\Slitherhub\\backend\\services\\moodle_api_service.py', reloading
2026-04-29 17:01:11 [INFO]  * Restarting with stat
2026-04-29 17:01:12 [INFO] 🚀 Starting Flask server on port 5000...
2026-04-29 17:01:12 [WARNING]  * Debugger is active!
2026-04-29 17:01:12 [INFO]  * Debugger PIN: 218-154-981
2026-04-29 17:01:14 [INFO]  * Detected change in 'c:\\Users\\Lenovo\\Desktop\\CS\\Year_2\\2\\CS242\\Slitherhub\\backend\\services\\moodle_api_service.py', reloading
2026-04-29 17:01:14 [INFO]  * Restarting with stat
2026-04-29 17:01:14 [INFO] 🚀 Starting Flask server on port 5000...
2026-04-29 17:01:15 [WARNING]  * Debugger is active!
2026-04-29 17:01:15 [INFO]  * Debugger PIN: 218-154-981
2026-04-29 17:01:20 [INFO] 📡 Calling TU API for user: 6709420019
2026-04-29 17:01:20 [INFO] 📥 TU API Response: 200
2026-04-29 17:01:26 [INFO] 127.0.0.1 - - [29/Apr/2026 17:01:26] "POST /api/login HTTP/1.1" 200 -
2026-04-29 17:01:55 [INFO]  * Detected change in 'c:\\Users\\Lenovo\\Desktop\\CS\\Year_2\\2\\CS242\\Slitherhub\\backend\\services\\moodle_api_service.py', reloading
2026-04-29 17:01:55 [INFO]  * Restarting with stat
2026-04-29 17:01:56 [INFO] 🚀 Starting Flask server on port 5000...
2026-04-29 17:01:56 [WARNING]  * Debugger is active!
2026-04-29 17:01:56 [INFO]  * Debugger PIN: 218-154-981
2026-04-29 17:01:59 [INFO]  * Detected change in 'c:\\Users\\Lenovo\\Desktop\\CS\\Year_2\\2\\CS242\\Slitherhub\\backend\\services\\moodle_api_service.py', reloading
2026-04-29 17:01:59 [INFO]  * Restarting with stat
2026-04-29 17:02:00 [INFO] 🚀 Starting Flask server on port 5000...
2026-04-29 17:02:00 [WARNING]  * Debugger is active!
2026-04-29 17:02:00 [INFO]  * Debugger PIN: 218-154-981
2026-04-29 17:04:53 [INFO]  * Detected change in 'c:\\Users\\Lenovo\\Desktop\\CS\\Year_2\\2\\CS242\\Slitherhub\\backend\\model\\user_model.py', reloading
2026-04-29 17:04:53 [INFO]  * Restarting with stat
2026-04-29 17:04:54 [INFO] 🚀 Starting Flask server on port 5000...
2026-04-29 17:04:54 [WARNING]  * Debugger is active!
2026-04-29 17:04:54 [INFO]  * Debugger PIN: 218-154-981
2026-04-29 17:04:57 [INFO]  * Detected change in 'c:\\Users\\Lenovo\\Desktop\\CS\\Year_2\\2\\CS242\\Slitherhub\\backend\\model\\user_model.py', reloading
2026-04-29 17:04:57 [INFO]  * Restarting with stat
2026-04-29 17:04:58 [INFO] 🚀 Starting Flask server on port 5000...
2026-04-29 17:04:58 [WARNING]  * Debugger is active!
2026-04-29 17:04:58 [INFO]  * Debugger PIN: 218-154-981
2026-04-29 17:05:12 [INFO]  * Detected change in 'c:\\Users\\Lenovo\\Desktop\\CS\\Year_2\\2\\CS242\\Slitherhub\\backend\\model\\user_model.py', reloading
2026-04-29 17:05:12 [INFO]  * Restarting with stat
2026-04-29 17:05:12 [INFO] 🚀 Starting Flask server on port 5000...
2026-04-29 17:05:12 [WARNING]  * Debugger is active!
2026-04-29 17:05:12 [INFO]  * Debugger PIN: 218-154-981
2026-04-29 17:05:20 [INFO]  * Detected change in 'c:\\Users\\Lenovo\\Desktop\\CS\\Year_2\\2\\CS242\\Slitherhub\\backend\\model\\user_model.py', reloading
2026-04-29 17:05:20 [INFO]  * Restarting with stat
2026-04-29 17:05:20 [INFO] 🚀 Starting Flask server on port 5000...
2026-04-29 17:05:20 [WARNING]  * Debugger is active!
2026-04-29 17:05:20 [INFO]  * Debugger PIN: 218-154-981
2026-04-29 17:05:24 [INFO] 📡 Calling TU API for user: 6709420019
2026-04-29 17:05:24 [INFO] 📥 TU API Response: 200
2026-04-29 17:05:30 [INFO] 127.0.0.1 - - [29/Apr/2026 17:05:30] "POST /api/login HTTP/1.1" 200 -
2026-04-29 17:06:17 [INFO]  * Detected change in 'c:\\Users\\Lenovo\\Desktop\\CS\\Year_2\\2\\CS242\\Slitherhub\\backend\\model\\user_model.py', reloading
2026-04-29 17:06:17 [INFO]  * Restarting with stat
2026-04-29 17:06:17 [INFO] 🚀 Starting Flask server on port 5000...
2026-04-29 17:06:17 [WARNING]  * Debugger is active!
2026-04-29 17:06:17 [INFO]  * Debugger PIN: 218-154-981
2026-04-29 17:06:47 [INFO]  * Detected change in 'c:\\Users\\Lenovo\\Desktop\\CS\\Year_2\\2\\CS242\\Slitherhub\\backend\\model\\user_model.py', reloading
2026-04-29 17:06:47 [INFO]  * Restarting with stat
2026-04-29 17:07:07 [INFO] 🚀 Starting Flask server on port 5000...
2026-04-29 17:07:07 [INFO] [31m[1mWARNING: This is a development server. Do not use it in a production deployment. Use a production WSGI server instead.[0m
 * Running on http://127.0.0.1:5000
2026-04-29 17:07:07 [INFO] [33mPress CTRL+C to quit[0m
2026-04-29 17:07:07 [INFO]  * Restarting with stat
2026-04-29 17:07:08 [INFO] 🚀 Starting Flask server on port 5000...
2026-04-29 17:07:08 [WARNING]  * Debugger is active!
2026-04-29 17:07:08 [INFO]  * Debugger PIN: 218-154-981
2026-04-29 17:07:13 [INFO] 📡 Calling TU API for user: 6709420019
2026-04-29 17:07:14 [INFO] 📥 TU API Response: 200
2026-04-29 17:07:20 [INFO] 127.0.0.1 - - [29/Apr/2026 17:07:20] "POST /api/login HTTP/1.1" 200 -
2026-04-29 17:09:15 [INFO]  * Detected change in 'c:\\Users\\Lenovo\\Desktop\\CS\\Year_2\\2\\CS242\\Slitherhub\\backend\\model\\user_model.py', reloading
2026-04-29 17:09:15 [INFO]  * Restarting with stat
2026-04-29 17:09:16 [INFO] 🚀 Starting Flask server on port 5000...
2026-04-29 17:09:16 [WARNING]  * Debugger is active!
2026-04-29 17:09:16 [INFO]  * Debugger PIN: 218-154-981
2026-04-29 17:09:18 [INFO]  * Detected change in 'c:\\Users\\Lenovo\\Desktop\\CS\\Year_2\\2\\CS242\\Slitherhub\\backend\\model\\user_model.py', reloading
2026-04-29 17:09:18 [INFO]  * Restarting with stat
2026-04-29 17:09:19 [INFO] 🚀 Starting Flask server on port 5000...
2026-04-29 17:09:19 [WARNING]  * Debugger is active!
2026-04-29 17:09:19 [INFO]  * Debugger PIN: 218-154-981
2026-04-29 17:09:23 [INFO]  * Detected change in 'c:\\Users\\Lenovo\\Desktop\\CS\\Year_2\\2\\CS242\\Slitherhub\\backend\\model\\user_model.py', reloading
2026-04-29 17:09:23 [INFO]  * Restarting with stat
2026-04-29 17:09:23 [INFO] 🚀 Starting Flask server on port 5000...
2026-04-29 17:09:23 [WARNING]  * Debugger is active!
2026-04-29 17:09:23 [INFO]  * Debugger PIN: 218-154-981
2026-04-29 17:09:27 [INFO]  * Detected change in 'c:\\Users\\Lenovo\\Desktop\\CS\\Year_2\\2\\CS242\\Slitherhub\\backend\\model\\user_model.py', reloading
2026-04-29 17:09:27 [INFO]  * Restarting with stat
2026-04-29 17:09:27 [INFO] 🚀 Starting Flask server on port 5000...
2026-04-29 17:09:27 [WARNING]  * Debugger is active!
2026-04-29 17:09:27 [INFO]  * Debugger PIN: 218-154-981
2026-04-29 17:09:29 [INFO]  * Detected change in 'c:\\Users\\Lenovo\\Desktop\\CS\\Year_2\\2\\CS242\\Slitherhub\\backend\\model\\user_model.py', reloading
2026-04-29 17:09:29 [INFO]  * Restarting with stat
2026-04-29 17:09:29 [INFO] 🚀 Starting Flask server on port 5000...
2026-04-29 17:09:29 [WARNING]  * Debugger is active!
2026-04-29 17:09:29 [INFO]  * Debugger PIN: 218-154-981
2026-04-29 17:11:30 [INFO]  * Detected change in 'c:\\Users\\Lenovo\\Desktop\\CS\\Year_2\\2\\CS242\\Slitherhub\\backend\\model\\user_model.py', reloading
2026-04-29 17:11:30 [INFO]  * Restarting with stat
2026-04-29 17:11:31 [INFO] 🚀 Starting Flask server on port 5000...
2026-04-29 17:11:31 [WARNING]  * Debugger is active!
2026-04-29 17:11:31 [INFO]  * Debugger PIN: 218-154-981
2026-04-29 17:11:37 [INFO]  * Detected change in 'c:\\Users\\Lenovo\\Desktop\\CS\\Year_2\\2\\CS242\\Slitherhub\\backend\\model\\user_model.py', reloading
2026-04-29 17:11:37 [INFO]  * Restarting with stat
2026-04-29 17:11:37 [INFO] 🚀 Starting Flask server on port 5000...
2026-04-29 17:11:37 [WARNING]  * Debugger is active!
2026-04-29 17:11:37 [INFO]  * Debugger PIN: 218-154-981
2026-04-29 17:11:42 [INFO] 📡 Calling TU API for user: 6709420019
2026-04-29 17:11:43 [INFO] 📥 TU API Response: 200
2026-04-29 17:11:48 [INFO] 127.0.0.1 - - [29/Apr/2026 17:11:48] "POST /api/login HTTP/1.1" 200 -
2026-04-29 17:12:33 [INFO]  * Detected change in 'c:\\Users\\Lenovo\\Desktop\\CS\\Year_2\\2\\CS242\\Slitherhub\\backend\\model\\user_model.py', reloading
2026-04-29 17:12:33 [INFO]  * Restarting with stat
2026-04-29 17:12:34 [INFO] 🚀 Starting Flask server on port 5000...
2026-04-29 17:12:34 [WARNING]  * Debugger is active!
2026-04-29 17:12:34 [INFO]  * Debugger PIN: 218-154-981
2026-04-29 17:12:39 [INFO]  * Detected change in 'c:\\Users\\Lenovo\\Desktop\\CS\\Year_2\\2\\CS242\\Slitherhub\\backend\\model\\user_model.py', reloading
2026-04-29 17:12:39 [INFO]  * Restarting with stat
2026-04-29 17:12:39 [INFO] 🚀 Starting Flask server on port 5000...
2026-04-29 17:12:39 [WARNING]  * Debugger is active!
2026-04-29 17:12:39 [INFO]  * Debugger PIN: 218-154-981
2026-04-29 17:12:43 [INFO]  * Detected change in 'c:\\Users\\Lenovo\\Desktop\\CS\\Year_2\\2\\CS242\\Slitherhub\\backend\\model\\user_model.py', reloading
2026-04-29 17:12:43 [INFO]  * Restarting with stat
2026-04-29 17:12:43 [INFO] 🚀 Starting Flask server on port 5000...
2026-04-29 17:12:43 [WARNING]  * Debugger is active!
2026-04-29 17:12:43 [INFO]  * Debugger PIN: 218-154-981
2026-04-29 17:13:00 [INFO] 📡 Calling TU API for user: 6709420019
2026-04-29 17:13:01 [INFO] 📥 TU API Response: 200
2026-04-29 17:13:07 [INFO] 127.0.0.1 - - [29/Apr/2026 17:13:07] "POST /api/login HTTP/1.1" 200 -
2026-04-29 17:14:07 [INFO] 🚀 Starting Flask server on port 5000...
2026-04-29 17:14:07 [INFO] [31m[1mWARNING: This is a development server. Do not use it in a production deployment. Use a production WSGI server instead.[0m
 * Running on http://127.0.0.1:5000
2026-04-29 17:14:07 [INFO] [33mPress CTRL+C to quit[0m
2026-04-29 17:14:07 [INFO]  * Restarting with stat
2026-04-29 17:14:07 [INFO] 🚀 Starting Flask server on port 5000...
2026-04-29 17:14:07 [WARNING]  * Debugger is active!
2026-04-29 17:14:07 [INFO]  * Debugger PIN: 218-154-981
2026-04-29 17:14:10 [INFO] 📡 Calling TU API for user: 6709420019
2026-04-29 17:14:11 [INFO] 📥 TU API Response: 200
2026-04-29 17:14:20 [INFO] 127.0.0.1 - - [29/Apr/2026 17:14:20] "POST /api/login HTTP/1.1" 200 -
2026-04-29 17:15:32 [INFO] 📡 Calling TU API for user: 6709420019
2026-04-29 17:15:32 [INFO] 📥 TU API Response: 200
2026-04-29 17:15:42 [INFO] 127.0.0.1 - - [29/Apr/2026 17:15:42] "POST /api/login HTTP/1.1" 200 -
2026-04-29 17:19:56 [INFO]  * Detected change in 'c:\\Users\\Lenovo\\Desktop\\CS\\Year_2\\2\\CS242\\Slitherhub\\backend\\model\\user_task_model.py', reloading
2026-04-29 17:19:56 [INFO]  * Restarting with stat
2026-04-29 17:19:56 [INFO] 🚀 Starting Flask server on port 5000...
2026-04-29 17:19:57 [WARNING]  * Debugger is active!
2026-04-29 17:19:57 [INFO]  * Debugger PIN: 218-154-981
2026-04-29 17:21:03 [INFO]  * Detected change in 'c:\\Users\\Lenovo\\Desktop\\CS\\Year_2\\2\\CS242\\Slitherhub\\backend\\model\\assignment_model.py', reloading
2026-04-29 17:21:03 [INFO]  * Restarting with stat
2026-04-29 17:21:03 [INFO] 🚀 Starting Flask server on port 5000...
2026-04-29 17:21:03 [WARNING]  * Debugger is active!
2026-04-29 17:21:03 [INFO]  * Debugger PIN: 218-154-981
2026-04-29 17:22:38 [INFO]  * Detected change in 'c:\\Users\\Lenovo\\Desktop\\CS\\Year_2\\2\\CS242\\Slitherhub\\backend\\model\\user_task_model.py', reloading
2026-04-29 17:22:38 [INFO]  * Restarting with stat
2026-04-29 17:22:39 [INFO] 🚀 Starting Flask server on port 5000...
2026-04-29 17:22:39 [WARNING]  * Debugger is active!
2026-04-29 17:22:39 [INFO]  * Debugger PIN: 218-154-981
2026-04-29 17:22:42 [INFO]  * Detected change in 'c:\\Users\\Lenovo\\Desktop\\CS\\Year_2\\2\\CS242\\Slitherhub\\backend\\model\\user_task_model.py', reloading
2026-04-29 17:22:42 [INFO]  * Restarting with stat
2026-04-29 17:22:43 [INFO] 🚀 Starting Flask server on port 5000...
2026-04-29 17:22:43 [WARNING]  * Debugger is active!
2026-04-29 17:22:43 [INFO]  * Debugger PIN: 218-154-981
2026-04-29 17:22:45 [INFO]  * Detected change in 'c:\\Users\\Lenovo\\Desktop\\CS\\Year_2\\2\\CS242\\Slitherhub\\backend\\model\\user_task_model.py', reloading
2026-04-29 17:22:45 [INFO]  * Restarting with stat
2026-04-29 17:22:46 [INFO] 🚀 Starting Flask server on port 5000...
2026-04-29 17:22:46 [WARNING]  * Debugger is active!
2026-04-29 17:22:46 [INFO]  * Debugger PIN: 218-154-981
2026-04-29 17:22:51 [INFO]  * Detected change in 'c:\\Users\\Lenovo\\Desktop\\CS\\Year_2\\2\\CS242\\Slitherhub\\backend\\model\\user_task_model.py', reloading
2026-04-29 17:22:51 [INFO]  * Restarting with stat
2026-04-29 17:25:01 [INFO] 🚀 Starting Flask server on port 5000...
2026-04-29 17:25:01 [INFO] [31m[1mWARNING: This is a development server. Do not use it in a production deployment. Use a production WSGI server instead.[0m
 * Running on http://127.0.0.1:5000
2026-04-29 17:25:01 [INFO] [33mPress CTRL+C to quit[0m
2026-04-29 17:25:01 [INFO]  * Restarting with stat
2026-04-29 17:25:01 [INFO] 🚀 Starting Flask server on port 5000...
2026-04-29 17:25:01 [WARNING]  * Debugger is active!
2026-04-29 17:25:01 [INFO]  * Debugger PIN: 218-154-981
2026-04-29 17:25:11 [INFO] 📡 Calling TU API for user: 6709420019
2026-04-29 17:25:12 [INFO] 📥 TU API Response: 200
2026-04-29 17:25:21 [INFO] 127.0.0.1 - - [29/Apr/2026 17:25:21] "POST /api/login HTTP/1.1" 200 -
2026-04-29 17:26:37 [INFO]  * Detected change in 'c:\\Users\\Lenovo\\Desktop\\CS\\Year_2\\2\\CS242\\Slitherhub\\backend\\services\\moodle_api_service.py', reloading
2026-04-29 17:26:38 [INFO]  * Restarting with stat
2026-04-29 17:26:38 [INFO] 🚀 Starting Flask server on port 5000...
2026-04-29 17:26:38 [WARNING]  * Debugger is active!
2026-04-29 17:26:38 [INFO]  * Debugger PIN: 218-154-981
2026-04-29 17:26:44 [INFO]  * Detected change in 'c:\\Users\\Lenovo\\Desktop\\CS\\Year_2\\2\\CS242\\Slitherhub\\backend\\services\\moodle_api_service.py', reloading
2026-04-29 17:26:44 [INFO]  * Restarting with stat
2026-04-29 17:26:44 [INFO] 🚀 Starting Flask server on port 5000...
2026-04-29 17:26:44 [WARNING]  * Debugger is active!
2026-04-29 17:26:44 [INFO]  * Debugger PIN: 218-154-981
2026-04-29 17:27:41 [INFO]  * Detected change in 'c:\\Users\\Lenovo\\Desktop\\CS\\Year_2\\2\\CS242\\Slitherhub\\backend\\services\\moodle_api_service.py', reloading
2026-04-29 17:27:41 [INFO]  * Restarting with stat
2026-04-29 17:27:41 [INFO] 🚀 Starting Flask server on port 5000...
2026-04-29 17:27:41 [WARNING]  * Debugger is active!
2026-04-29 17:27:41 [INFO]  * Debugger PIN: 218-154-981
2026-04-29 17:27:44 [INFO]  * Detected change in 'c:\\Users\\Lenovo\\Desktop\\CS\\Year_2\\2\\CS242\\Slitherhub\\backend\\services\\moodle_api_service.py', reloading
2026-04-29 17:27:44 [INFO]  * Restarting with stat
2026-04-29 17:28:01 [INFO] 🚀 Starting Flask server on port 5000...
2026-04-29 17:28:01 [INFO] [31m[1mWARNING: This is a development server. Do not use it in a production deployment. Use a production WSGI server instead.[0m
 * Running on http://127.0.0.1:5000
2026-04-29 17:28:01 [INFO] [33mPress CTRL+C to quit[0m
2026-04-29 17:28:01 [INFO]  * Restarting with stat
2026-04-29 17:28:01 [INFO] 🚀 Starting Flask server on port 5000...
2026-04-29 17:28:02 [WARNING]  * Debugger is active!
2026-04-29 17:28:02 [INFO]  * Debugger PIN: 218-154-981
2026-04-29 17:28:03 [INFO] 📡 Calling TU API for user: 6709420019
2026-04-29 17:28:04 [INFO] 📥 TU API Response: 200
2026-04-29 17:28:13 [INFO] 127.0.0.1 - - [29/Apr/2026 17:28:13] "POST /api/login HTTP/1.1" 200 -
2026-04-29 17:28:48 [INFO]  * Detected change in 'c:\\Users\\Lenovo\\Desktop\\CS\\Year_2\\2\\CS242\\Slitherhub\\backend\\model\\assignment_model.py', reloading
2026-04-29 17:28:48 [INFO]  * Restarting with stat
2026-04-29 17:28:49 [INFO] 🚀 Starting Flask server on port 5000...
2026-04-29 17:28:49 [WARNING]  * Debugger is active!
2026-04-29 17:28:49 [INFO]  * Debugger PIN: 218-154-981
2026-04-29 17:28:56 [INFO]  * Detected change in 'c:\\Users\\Lenovo\\Desktop\\CS\\Year_2\\2\\CS242\\Slitherhub\\backend\\model\\assignment_model.py', reloading
2026-04-29 17:28:56 [INFO]  * Restarting with stat
2026-04-29 17:29:55 [INFO] 🚀 Starting Flask server on port 5000...
2026-04-29 17:29:55 [INFO] [31m[1mWARNING: This is a development server. Do not use it in a production deployment. Use a production WSGI server instead.[0m
 * Running on http://127.0.0.1:5000
2026-04-29 17:29:55 [INFO] [33mPress CTRL+C to quit[0m
2026-04-29 17:29:55 [INFO]  * Restarting with stat
2026-04-29 17:29:55 [INFO] 🚀 Starting Flask server on port 5000...
2026-04-29 17:29:55 [WARNING]  * Debugger is active!
2026-04-29 17:29:55 [INFO]  * Debugger PIN: 218-154-981
2026-04-29 17:29:59 [INFO] 📡 Calling TU API for user: 6709420019
2026-04-29 17:29:59 [INFO] 📥 TU API Response: 200
2026-04-29 17:30:09 [INFO] 127.0.0.1 - - [29/Apr/2026 17:30:09] "POST /api/login HTTP/1.1" 200 -
2026-04-29 17:30:20 [INFO] 📡 Calling TU API for user: 6709420019
2026-04-29 17:30:21 [INFO] 📥 TU API Response: 200
2026-04-29 17:30:27 [INFO] 127.0.0.1 - - [29/Apr/2026 17:30:27] "POST /api/login HTTP/1.1" 200 -
2026-04-29 17:31:33 [INFO]  * Detected change in 'c:\\Users\\Lenovo\\Desktop\\CS\\Year_2\\2\\CS242\\Slitherhub\\backend\\model\\user_model.py', reloading
2026-04-29 17:31:33 [INFO]  * Restarting with stat
2026-04-29 17:31:33 [INFO] 🚀 Starting Flask server on port 5000...
2026-04-29 17:31:33 [WARNING]  * Debugger is active!
2026-04-29 17:31:33 [INFO]  * Debugger PIN: 218-154-981
2026-04-29 17:32:02 [INFO]  * Detected change in 'c:\\Users\\Lenovo\\Desktop\\CS\\Year_2\\2\\CS242\\Slitherhub\\backend\\model\\user_model.py', reloading
2026-04-29 17:32:02 [INFO]  * Restarting with stat
2026-04-29 17:32:03 [INFO] 🚀 Starting Flask server on port 5000...
2026-04-29 17:32:03 [WARNING]  * Debugger is active!
2026-04-29 17:32:03 [INFO]  * Debugger PIN: 218-154-981
2026-04-29 17:32:08 [INFO]  * Detected change in 'c:\\Users\\Lenovo\\Desktop\\CS\\Year_2\\2\\CS242\\Slitherhub\\backend\\services\\moodle_api_service.py', reloading
2026-04-29 17:32:08 [INFO]  * Restarting with stat
2026-04-29 17:32:08 [INFO] 🚀 Starting Flask server on port 5000...
2026-04-29 17:32:08 [WARNING]  * Debugger is active!
2026-04-29 17:32:08 [INFO]  * Debugger PIN: 218-154-981
2026-04-29 17:32:58 [INFO]  * Detected change in 'c:\\Users\\Lenovo\\Desktop\\CS\\Year_2\\2\\CS242\\Slitherhub\\backend\\model\\user_model.py', reloading
2026-04-29 17:32:58 [INFO]  * Restarting with stat
2026-04-29 17:32:59 [INFO] 🚀 Starting Flask server on port 5000...
2026-04-29 17:32:59 [WARNING]  * Debugger is active!
2026-04-29 17:32:59 [INFO]  * Debugger PIN: 218-154-981
2026-04-29 17:33:10 [INFO]  * Detected change in 'c:\\Users\\Lenovo\\Desktop\\CS\\Year_2\\2\\CS242\\Slitherhub\\backend\\model\\user_model.py', reloading
2026-04-29 17:33:10 [INFO]  * Restarting with stat
2026-04-29 17:33:11 [INFO] 🚀 Starting Flask server on port 5000...
2026-04-29 17:33:11 [WARNING]  * Debugger is active!
2026-04-29 17:33:11 [INFO]  * Debugger PIN: 218-154-981
2026-04-29 17:33:17 [INFO] 📡 Calling TU API for user: 6709420019
2026-04-29 17:33:17 [INFO] 📥 TU API Response: 200
2026-04-29 17:33:18 [INFO] 127.0.0.1 - - [29/Apr/2026 17:33:18] "POST /api/login HTTP/1.1" 200 -
2026-04-29 17:36:01 [INFO]  * Detected change in 'c:\\Users\\Lenovo\\Desktop\\CS\\Year_2\\2\\CS242\\Slitherhub\\backend\\model\\user_model.py', reloading
2026-04-29 17:36:01 [INFO]  * Restarting with stat
2026-04-29 17:36:01 [INFO] 🚀 Starting Flask server on port 5000...
2026-04-29 17:36:01 [WARNING]  * Debugger is active!
2026-04-29 17:36:01 [INFO]  * Debugger PIN: 218-154-981
2026-04-29 17:36:04 [INFO]  * Detected change in 'c:\\Users\\Lenovo\\Desktop\\CS\\Year_2\\2\\CS242\\Slitherhub\\backend\\model\\user_model.py', reloading
2026-04-29 17:36:04 [INFO]  * Restarting with stat
2026-04-29 17:36:04 [INFO] 🚀 Starting Flask server on port 5000...
2026-04-29 17:36:04 [WARNING]  * Debugger is active!
2026-04-29 17:36:04 [INFO]  * Debugger PIN: 218-154-981
2026-04-29 17:36:08 [INFO]  * Detected change in 'c:\\Users\\Lenovo\\Desktop\\CS\\Year_2\\2\\CS242\\Slitherhub\\backend\\model\\user_model.py', reloading
2026-04-29 17:36:08 [INFO]  * Restarting with stat
2026-04-29 17:36:08 [INFO] 🚀 Starting Flask server on port 5000...
2026-04-29 17:36:08 [WARNING]  * Debugger is active!
2026-04-29 17:36:08 [INFO]  * Debugger PIN: 218-154-981
2026-04-29 17:36:12 [INFO]  * Detected change in 'c:\\Users\\Lenovo\\Desktop\\CS\\Year_2\\2\\CS242\\Slitherhub\\backend\\model\\user_model.py', reloading
2026-04-29 17:36:12 [INFO]  * Restarting with stat
2026-04-29 17:36:12 [INFO] 🚀 Starting Flask server on port 5000...
2026-04-29 17:36:12 [WARNING]  * Debugger is active!
2026-04-29 17:36:12 [INFO]  * Debugger PIN: 218-154-981
2026-04-29 17:36:18 [INFO]  * Detected change in 'c:\\Users\\Lenovo\\Desktop\\CS\\Year_2\\2\\CS242\\Slitherhub\\backend\\model\\user_model.py', reloading
2026-04-29 17:36:18 [INFO]  * Restarting with stat
2026-04-29 17:36:19 [INFO] 🚀 Starting Flask server on port 5000...
2026-04-29 17:36:19 [WARNING]  * Debugger is active!
2026-04-29 17:36:19 [INFO]  * Debugger PIN: 218-154-981
2026-04-29 17:36:29 [INFO] 📡 Calling TU API for user: 6709420019
2026-04-29 17:36:30 [INFO] 📥 TU API Response: 200
2026-04-29 17:36:31 [INFO] 127.0.0.1 - - [29/Apr/2026 17:36:31] "[35m[1mPOST /api/login HTTP/1.1[0m" 500 -
2026-04-29 17:37:15 [INFO] 🚀 Starting Flask server on port 5000...
2026-04-29 17:37:15 [INFO] [31m[1mWARNING: This is a development server. Do not use it in a production deployment. Use a production WSGI server instead.[0m
 * Running on http://127.0.0.1:5000
2026-04-29 17:37:15 [INFO] [33mPress CTRL+C to quit[0m
2026-04-29 17:37:15 [INFO]  * Restarting with stat
2026-04-29 17:37:15 [INFO] 🚀 Starting Flask server on port 5000...
2026-04-29 17:37:15 [WARNING]  * Debugger is active!
2026-04-29 17:37:15 [INFO]  * Debugger PIN: 218-154-981
2026-04-29 17:37:19 [INFO] 📡 Calling TU API for user: 6709420019
2026-04-29 17:37:19 [INFO] 📥 TU API Response: 200
2026-04-29 17:37:20 [INFO] 127.0.0.1 - - [29/Apr/2026 17:37:20] "POST /api/login HTTP/1.1" 200 -
2026-04-29 17:38:03 [INFO]  * Detected change in 'c:\\Users\\Lenovo\\Desktop\\CS\\Year_2\\2\\CS242\\Slitherhub\\backend\\model\\user_model.py', reloading
2026-04-29 17:38:03 [INFO]  * Restarting with stat
2026-04-29 17:38:03 [INFO] 🚀 Starting Flask server on port 5000...
2026-04-29 17:38:03 [WARNING]  * Debugger is active!
2026-04-29 17:38:03 [INFO]  * Debugger PIN: 218-154-981
2026-04-29 17:38:07 [INFO]  * Detected change in 'c:\\Users\\Lenovo\\Desktop\\CS\\Year_2\\2\\CS242\\Slitherhub\\backend\\model\\user_model.py', reloading
2026-04-29 17:38:07 [INFO]  * Restarting with stat
2026-04-29 17:38:07 [INFO] 🚀 Starting Flask server on port 5000...
2026-04-29 17:38:07 [WARNING]  * Debugger is active!
2026-04-29 17:38:07 [INFO]  * Debugger PIN: 218-154-981
2026-04-29 17:38:10 [INFO]  * Detected change in 'c:\\Users\\Lenovo\\Desktop\\CS\\Year_2\\2\\CS242\\Slitherhub\\backend\\model\\user_model.py', reloading
2026-04-29 17:38:10 [INFO]  * Restarting with stat
2026-04-29 17:38:10 [INFO] 🚀 Starting Flask server on port 5000...
2026-04-29 17:38:10 [WARNING]  * Debugger is active!
2026-04-29 17:38:10 [INFO]  * Debugger PIN: 218-154-981
2026-04-29 17:38:40 [INFO] 🚀 Starting Flask server on port 5000...
2026-04-29 17:38:40 [INFO] [31m[1mWARNING: This is a development server. Do not use it in a production deployment. Use a production WSGI server instead.[0m
 * Running on http://127.0.0.1:5000
2026-04-29 17:38:40 [INFO] [33mPress CTRL+C to quit[0m
2026-04-29 17:38:40 [INFO]  * Restarting with stat
2026-04-29 17:38:41 [INFO] 🚀 Starting Flask server on port 5000...
2026-04-29 17:38:41 [WARNING]  * Debugger is active!
2026-04-29 17:38:41 [INFO]  * Debugger PIN: 218-154-981
2026-04-29 17:38:43 [INFO] 📡 Calling TU API for user: 6709420019
2026-04-29 17:38:44 [INFO] 📥 TU API Response: 200
2026-04-29 17:38:45 [INFO] 127.0.0.1 - - [29/Apr/2026 17:38:45] "POST /api/login HTTP/1.1" 200 -
2026-04-29 17:41:33 [INFO] 🚀 Starting Flask server on port 5000...
2026-04-29 17:41:33 [INFO] [31m[1mWARNING: This is a development server. Do not use it in a production deployment. Use a production WSGI server instead.[0m
 * Running on http://127.0.0.1:5000
2026-04-29 17:41:33 [INFO] [33mPress CTRL+C to quit[0m
2026-04-29 17:41:33 [INFO]  * Restarting with stat
2026-04-29 17:41:34 [INFO] 🚀 Starting Flask server on port 5000...
2026-04-29 17:41:34 [WARNING]  * Debugger is active!
2026-04-29 17:41:34 [INFO]  * Debugger PIN: 218-154-981
2026-04-29 17:41:37 [INFO] 📡 Calling TU API for user: 6709420019
2026-04-29 17:41:38 [INFO] 📥 TU API Response: 200
2026-04-29 17:41:39 [INFO] 127.0.0.1 - - [29/Apr/2026 17:41:39] "POST /api/login HTTP/1.1" 200 -
2026-04-29 17:42:03 [INFO]  * Detected change in 'c:\\Users\\Lenovo\\Desktop\\CS\\Year_2\\2\\CS242\\Slitherhub\\backend\\model\\user_model.py', reloading
2026-04-29 17:42:03 [INFO]  * Restarting with stat
2026-04-29 17:42:03 [INFO] 🚀 Starting Flask server on port 5000...
2026-04-29 17:42:03 [WARNING]  * Debugger is active!
2026-04-29 17:42:03 [INFO]  * Debugger PIN: 218-154-981
2026-04-29 17:42:06 [INFO]  * Detected change in 'c:\\Users\\Lenovo\\Desktop\\CS\\Year_2\\2\\CS242\\Slitherhub\\backend\\model\\user_model.py', reloading
2026-04-29 17:42:06 [INFO]  * Restarting with stat
2026-04-29 17:42:06 [INFO] 🚀 Starting Flask server on port 5000...
2026-04-29 17:42:06 [WARNING]  * Debugger is active!
2026-04-29 17:42:06 [INFO]  * Debugger PIN: 218-154-981
2026-04-29 17:42:09 [INFO]  * Detected change in 'c:\\Users\\Lenovo\\Desktop\\CS\\Year_2\\2\\CS242\\Slitherhub\\backend\\model\\user_model.py', reloading
2026-04-29 17:42:09 [INFO]  * Restarting with stat
2026-04-29 17:42:09 [INFO] 🚀 Starting Flask server on port 5000...
2026-04-29 17:42:09 [WARNING]  * Debugger is active!
2026-04-29 17:42:09 [INFO]  * Debugger PIN: 218-154-981
2026-04-29 17:42:14 [INFO]  * Detected change in 'c:\\Users\\Lenovo\\Desktop\\CS\\Year_2\\2\\CS242\\Slitherhub\\backend\\model\\user_model.py', reloading
2026-04-29 17:42:14 [INFO]  * Restarting with stat
2026-04-29 17:42:15 [INFO] 🚀 Starting Flask server on port 5000...
2026-04-29 17:42:15 [WARNING]  * Debugger is active!
2026-04-29 17:42:15 [INFO]  * Debugger PIN: 218-154-981
2026-04-29 17:42:44 [INFO] 🚀 Starting Flask server on port 5000...
2026-04-29 17:42:44 [INFO] [31m[1mWARNING: This is a development server. Do not use it in a production deployment. Use a production WSGI server instead.[0m
 * Running on http://127.0.0.1:5000
2026-04-29 17:42:44 [INFO] [33mPress CTRL+C to quit[0m
2026-04-29 17:42:44 [INFO]  * Restarting with stat
2026-04-29 17:42:44 [INFO] 🚀 Starting Flask server on port 5000...
2026-04-29 17:42:44 [WARNING]  * Debugger is active!
2026-04-29 17:42:44 [INFO]  * Debugger PIN: 218-154-981
2026-04-29 17:42:48 [INFO] 📡 Calling TU API for user: 6709420019
2026-04-29 17:42:48 [INFO] 📥 TU API Response: 200
2026-04-29 17:42:49 [INFO] 127.0.0.1 - - [29/Apr/2026 17:42:49] "POST /api/login HTTP/1.1" 200 -
2026-04-29 17:43:20 [INFO]  * Detected change in 'c:\\Users\\Lenovo\\Desktop\\CS\\Year_2\\2\\CS242\\Slitherhub\\backend\\services\\moodle_api_service.py', reloading
2026-04-29 17:43:21 [INFO]  * Restarting with stat
2026-04-29 17:43:21 [INFO] 🚀 Starting Flask server on port 5000...
2026-04-29 17:43:21 [WARNING]  * Debugger is active!
2026-04-29 17:43:21 [INFO]  * Debugger PIN: 218-154-981
2026-04-29 17:44:03 [INFO] 🚀 Starting Flask server on port 5000...
2026-04-29 17:44:03 [INFO] [31m[1mWARNING: This is a development server. Do not use it in a production deployment. Use a production WSGI server instead.[0m
 * Running on http://127.0.0.1:5000
2026-04-29 17:44:03 [INFO] [33mPress CTRL+C to quit[0m
2026-04-29 17:44:03 [INFO]  * Restarting with stat
2026-04-29 17:44:03 [INFO] 🚀 Starting Flask server on port 5000...
2026-04-29 17:44:03 [WARNING]  * Debugger is active!
2026-04-29 17:44:03 [INFO]  * Debugger PIN: 218-154-981
2026-04-29 17:44:06 [INFO] 📡 Calling TU API for user: 6709420019
2026-04-29 17:44:07 [INFO] 📥 TU API Response: 200
2026-04-29 17:44:08 [INFO] 127.0.0.1 - - [29/Apr/2026 17:44:08] "POST /api/login HTTP/1.1" 200 -
2026-04-29 17:46:18 [INFO] 🚀 Starting Flask server on port 5000...
2026-04-29 17:46:18 [INFO] [31m[1mWARNING: This is a development server. Do not use it in a production deployment. Use a production WSGI server instead.[0m
 * Running on http://127.0.0.1:5000
2026-04-29 17:46:18 [INFO] [33mPress CTRL+C to quit[0m
2026-04-29 17:46:18 [INFO]  * Restarting with stat
2026-04-29 17:46:19 [INFO] 🚀 Starting Flask server on port 5000...
2026-04-29 17:46:19 [WARNING]  * Debugger is active!
2026-04-29 17:46:19 [INFO]  * Debugger PIN: 218-154-981
2026-04-29 17:46:22 [INFO] 📡 Calling TU API for user: 6709420019
2026-04-29 17:46:22 [INFO] 📥 TU API Response: 200
2026-04-29 17:46:32 [INFO] 127.0.0.1 - - [29/Apr/2026 17:46:32] "POST /api/login HTTP/1.1" 200 -
2026-04-29 17:47:09 [INFO]  * Detected change in 'c:\\Users\\Lenovo\\Desktop\\CS\\Year_2\\2\\CS242\\Slitherhub\\backend\\services\\moodle_api_service.py', reloading
2026-04-29 17:47:09 [INFO]  * Restarting with stat
2026-04-29 17:47:09 [INFO] 🚀 Starting Flask server on port 5000...
2026-04-29 17:47:09 [WARNING]  * Debugger is active!
2026-04-29 17:47:09 [INFO]  * Debugger PIN: 218-154-981
2026-04-29 17:47:28 [INFO]  * Detected change in 'c:\\Users\\Lenovo\\Desktop\\CS\\Year_2\\2\\CS242\\Slitherhub\\backend\\services\\moodle_api_service.py', reloading
2026-04-29 17:47:28 [INFO]  * Restarting with stat
2026-04-29 17:47:29 [INFO] 🚀 Starting Flask server on port 5000...
2026-04-29 17:47:29 [WARNING]  * Debugger is active!
2026-04-29 17:47:29 [INFO]  * Debugger PIN: 218-154-981
2026-04-29 17:47:40 [INFO]  * Detected change in 'c:\\Users\\Lenovo\\Desktop\\CS\\Year_2\\2\\CS242\\Slitherhub\\backend\\services\\moodle_api_service.py', reloading
2026-04-29 17:47:40 [INFO]  * Restarting with stat
2026-04-29 17:47:54 [INFO] 🚀 Starting Flask server on port 5000...
2026-04-29 17:47:54 [INFO] [31m[1mWARNING: This is a development server. Do not use it in a production deployment. Use a production WSGI server instead.[0m
 * Running on http://127.0.0.1:5000
2026-04-29 17:47:54 [INFO] [33mPress CTRL+C to quit[0m
2026-04-29 17:47:54 [INFO]  * Restarting with stat
2026-04-29 17:47:54 [INFO] 🚀 Starting Flask server on port 5000...
2026-04-29 17:47:54 [WARNING]  * Debugger is active!
2026-04-29 17:47:54 [INFO]  * Debugger PIN: 218-154-981
2026-04-29 17:47:56 [INFO] 📡 Calling TU API for user: 6709420019
2026-04-29 17:47:57 [INFO] 📥 TU API Response: 200
2026-04-29 17:48:02 [INFO] 127.0.0.1 - - [29/Apr/2026 17:48:02] "POST /api/login HTTP/1.1" 200 -
2026-04-29 17:48:45 [INFO]  * Detected change in 'c:\\Users\\Lenovo\\Desktop\\CS\\Year_2\\2\\CS242\\Slitherhub\\backend\\model\\user_model.py', reloading
2026-04-29 17:48:45 [INFO]  * Restarting with stat
2026-04-29 17:48:46 [INFO] 🚀 Starting Flask server on port 5000...
2026-04-29 17:48:46 [WARNING]  * Debugger is active!
2026-04-29 17:48:46 [INFO]  * Debugger PIN: 218-154-981
2026-04-29 17:48:48 [INFO] 📡 Calling TU API for user: 6709420019
2026-04-29 17:48:49 [INFO] 📥 TU API Response: 200
2026-04-29 17:48:54 [INFO] 127.0.0.1 - - [29/Apr/2026 17:48:54] "POST /api/login HTTP/1.1" 200 -
2026-04-29 17:50:12 [INFO]  * Detected change in 'c:\\Users\\Lenovo\\Desktop\\CS\\Year_2\\2\\CS242\\Slitherhub\\backend\\model\\user_model.py', reloading
2026-04-29 17:50:12 [INFO]  * Restarting with stat
2026-04-29 17:50:13 [INFO] 🚀 Starting Flask server on port 5000...
2026-04-29 17:50:13 [WARNING]  * Debugger is active!
2026-04-29 17:50:13 [INFO]  * Debugger PIN: 218-154-981
2026-04-29 17:50:23 [INFO]  * Detected change in 'c:\\Users\\Lenovo\\Desktop\\CS\\Year_2\\2\\CS242\\Slitherhub\\backend\\model\\user_model.py', reloading
2026-04-29 17:50:24 [INFO]  * Restarting with stat
2026-04-29 17:50:24 [INFO] 🚀 Starting Flask server on port 5000...
2026-04-29 17:50:24 [WARNING]  * Debugger is active!
2026-04-29 17:50:24 [INFO]  * Debugger PIN: 218-154-981
2026-04-29 17:50:31 [INFO] 📡 Calling TU API for user: 6709420019
2026-04-29 17:50:32 [INFO] 📥 TU API Response: 200
2026-04-29 17:50:37 [INFO] 127.0.0.1 - - [29/Apr/2026 17:50:37] "POST /api/login HTTP/1.1" 200 -
2026-04-29 17:51:30 [INFO]  * Detected change in 'c:\\Users\\Lenovo\\Desktop\\CS\\Year_2\\2\\CS242\\Slitherhub\\backend\\model\\user_model.py', reloading
2026-04-29 17:51:30 [INFO]  * Restarting with stat
2026-04-29 17:51:30 [INFO] 🚀 Starting Flask server on port 5000...
2026-04-29 17:51:30 [WARNING]  * Debugger is active!
2026-04-29 17:51:30 [INFO]  * Debugger PIN: 218-154-981
2026-04-29 17:52:50 [INFO]  * Detected change in 'c:\\Users\\Lenovo\\Desktop\\CS\\Year_2\\2\\CS242\\Slitherhub\\backend\\model\\user_model.py', reloading
2026-04-29 17:52:50 [INFO]  * Restarting with stat
2026-04-29 17:52:50 [INFO] 🚀 Starting Flask server on port 5000...
2026-04-29 17:52:50 [WARNING]  * Debugger is active!
2026-04-29 17:52:50 [INFO]  * Debugger PIN: 218-154-981
2026-04-29 17:52:51 [INFO] 📡 Calling TU API for user: 6709420019
2026-04-29 17:52:52 [INFO] 📥 TU API Response: 200
2026-04-29 17:52:57 [INFO] 127.0.0.1 - - [29/Apr/2026 17:52:57] "POST /api/login HTTP/1.1" 200 -
2026-04-29 17:55:36 [INFO]  * Detected change in 'c:\\Users\\Lenovo\\Desktop\\CS\\Year_2\\2\\CS242\\Slitherhub\\backend\\model\\user_model.py', reloading
2026-04-29 17:55:36 [INFO]  * Restarting with stat
2026-04-29 17:55:36 [INFO] 🚀 Starting Flask server on port 5000...
2026-04-29 17:55:36 [WARNING]  * Debugger is active!
2026-04-29 17:55:36 [INFO]  * Debugger PIN: 218-154-981
2026-04-29 17:55:42 [INFO]  * Detected change in 'c:\\Users\\Lenovo\\Desktop\\CS\\Year_2\\2\\CS242\\Slitherhub\\backend\\model\\user_model.py', reloading
2026-04-29 17:55:42 [INFO]  * Restarting with stat
2026-04-29 17:55:42 [INFO] 🚀 Starting Flask server on port 5000...
2026-04-29 17:55:42 [WARNING]  * Debugger is active!
2026-04-29 17:55:42 [INFO]  * Debugger PIN: 218-154-981
2026-04-29 17:55:47 [INFO]  * Detected change in 'c:\\Users\\Lenovo\\Desktop\\CS\\Year_2\\2\\CS242\\Slitherhub\\backend\\model\\user_model.py', reloading
2026-04-29 17:55:47 [INFO]  * Restarting with stat
2026-04-29 17:56:09 [INFO] 🚀 Starting Flask server on port 5000...
2026-04-29 17:56:09 [INFO] [31m[1mWARNING: This is a development server. Do not use it in a production deployment. Use a production WSGI server instead.[0m
 * Running on http://127.0.0.1:5000
2026-04-29 17:56:09 [INFO] [33mPress CTRL+C to quit[0m
2026-04-29 17:56:09 [INFO]  * Restarting with stat
2026-04-29 17:56:10 [INFO] 🚀 Starting Flask server on port 5000...
2026-04-29 17:56:10 [WARNING]  * Debugger is active!
2026-04-29 17:56:10 [INFO]  * Debugger PIN: 218-154-981
2026-04-29 17:56:12 [INFO] 📡 Calling TU API for user: 6709420019
2026-04-29 17:56:13 [INFO] 📥 TU API Response: 200
2026-04-29 17:56:18 [INFO] 127.0.0.1 - - [29/Apr/2026 17:56:18] "POST /api/login HTTP/1.1" 200 -
2026-04-29 17:57:13 [INFO]  * Detected change in 'c:\\Users\\Lenovo\\Desktop\\CS\\Year_2\\2\\CS242\\Slitherhub\\backend\\model\\user_model.py', reloading
2026-04-29 17:57:13 [INFO]  * Restarting with stat
2026-04-29 17:57:29 [INFO] 🚀 Starting Flask server on port 5000...
2026-04-29 17:57:29 [INFO] [31m[1mWARNING: This is a development server. Do not use it in a production deployment. Use a production WSGI server instead.[0m
 * Running on http://127.0.0.1:5000
2026-04-29 17:57:29 [INFO] [33mPress CTRL+C to quit[0m
2026-04-29 17:57:29 [INFO]  * Restarting with stat
2026-04-29 17:57:30 [INFO] 🚀 Starting Flask server on port 5000...
2026-04-29 17:57:30 [WARNING]  * Debugger is active!
2026-04-29 17:57:30 [INFO]  * Debugger PIN: 218-154-981
2026-04-29 17:57:33 [INFO] 📡 Calling TU API for user: 6709420019
2026-04-29 17:57:34 [INFO] 📥 TU API Response: 200
2026-04-29 17:57:39 [INFO] 127.0.0.1 - - [29/Apr/2026 17:57:39] "POST /api/login HTTP/1.1" 200 -
2026-04-29 17:57:59 [INFO]  * Detected change in 'c:\\Users\\Lenovo\\Desktop\\CS\\Year_2\\2\\CS242\\Slitherhub\\backend\\model\\user_model.py', reloading
2026-04-29 17:57:59 [INFO]  * Restarting with stat
2026-04-29 17:58:00 [INFO] 🚀 Starting Flask server on port 5000...
2026-04-29 17:58:00 [WARNING]  * Debugger is active!
2026-04-29 17:58:00 [INFO]  * Debugger PIN: 218-154-981
2026-04-29 17:58:10 [INFO]  * Detected change in 'c:\\Users\\Lenovo\\Desktop\\CS\\Year_2\\2\\CS242\\Slitherhub\\backend\\model\\user_model.py', reloading
2026-04-29 17:58:10 [INFO]  * Restarting with stat
2026-04-29 17:58:14 [INFO] 🚀 Starting Flask server on port 5000...
2026-04-29 17:58:14 [INFO] [31m[1mWARNING: This is a development server. Do not use it in a production deployment. Use a production WSGI server instead.[0m
 * Running on http://127.0.0.1:5000
2026-04-29 17:58:14 [INFO] [33mPress CTRL+C to quit[0m
2026-04-29 17:58:14 [INFO]  * Restarting with stat
2026-04-29 17:58:14 [INFO] 🚀 Starting Flask server on port 5000...
2026-04-29 17:58:14 [WARNING]  * Debugger is active!
2026-04-29 17:58:14 [INFO]  * Debugger PIN: 218-154-981
2026-04-29 17:58:16 [INFO] 📡 Calling TU API for user: 6709420019
2026-04-29 17:58:17 [INFO] 📥 TU API Response: 200
2026-04-29 17:58:22 [INFO] 127.0.0.1 - - [29/Apr/2026 17:58:22] "POST /api/login HTTP/1.1" 200 -
2026-04-29 18:00:47 [INFO]  * Detected change in 'c:\\Users\\Lenovo\\Desktop\\CS\\Year_2\\2\\CS242\\Slitherhub\\backend\\model\\user_model.py', reloading
2026-04-29 18:00:47 [INFO]  * Restarting with stat
2026-04-29 18:00:48 [INFO] 🚀 Starting Flask server on port 5000...
2026-04-29 18:00:48 [WARNING]  * Debugger is active!
2026-04-29 18:00:48 [INFO]  * Debugger PIN: 218-154-981
2026-04-29 18:01:01 [INFO]  * Detected change in 'c:\\Users\\Lenovo\\Desktop\\CS\\Year_2\\2\\CS242\\Slitherhub\\backend\\model\\user_model.py', reloading
2026-04-29 18:01:01 [INFO]  * Restarting with stat
2026-04-29 18:01:01 [INFO] 🚀 Starting Flask server on port 5000...
2026-04-29 18:01:01 [WARNING]  * Debugger is active!
2026-04-29 18:01:01 [INFO]  * Debugger PIN: 218-154-981
2026-04-29 18:01:06 [INFO] 📡 Calling TU API for user: 6709420019
2026-04-29 18:01:06 [INFO] 📥 TU API Response: 200
2026-04-29 18:01:12 [INFO] 127.0.0.1 - - [29/Apr/2026 18:01:12] "POST /api/login HTTP/1.1" 200 -
2026-04-29 18:05:20 [INFO]  * Detected change in 'c:\\Users\\Lenovo\\Desktop\\CS\\Year_2\\2\\CS242\\Slitherhub\\backend\\model\\user_model.py', reloading
2026-04-29 18:05:20 [INFO]  * Restarting with stat
2026-04-29 18:05:20 [INFO] 🚀 Starting Flask server on port 5000...
2026-04-29 18:05:20 [WARNING]  * Debugger is active!
2026-04-29 18:05:20 [INFO]  * Debugger PIN: 218-154-981
2026-04-29 18:05:30 [INFO]  * Detected change in 'c:\\Users\\Lenovo\\Desktop\\CS\\Year_2\\2\\CS242\\Slitherhub\\backend\\model\\user_model.py', reloading
2026-04-29 18:05:30 [INFO]  * Restarting with stat
2026-04-29 18:05:30 [INFO] 🚀 Starting Flask server on port 5000...
2026-04-29 18:05:30 [WARNING]  * Debugger is active!
2026-04-29 18:05:30 [INFO]  * Debugger PIN: 218-154-981
2026-04-29 18:05:31 [INFO] 📡 Calling TU API for user: 6709420019
2026-04-29 18:05:31 [INFO] 📥 TU API Response: 200
2026-04-29 18:05:37 [INFO] 127.0.0.1 - - [29/Apr/2026 18:05:37] "POST /api/login HTTP/1.1" 200 -
2026-04-29 18:07:07 [INFO]  * Detected change in 'c:\\Users\\Lenovo\\Desktop\\CS\\Year_2\\2\\CS242\\Slitherhub\\backend\\model\\user_model.py', reloading
2026-04-29 18:07:07 [INFO]  * Restarting with stat
2026-04-29 18:07:51 [INFO] 🚀 Starting Flask server on port 5000...
2026-04-29 18:07:51 [INFO] [31m[1mWARNING: This is a development server. Do not use it in a production deployment. Use a production WSGI server instead.[0m
 * Running on http://127.0.0.1:5000
2026-04-29 18:07:51 [INFO] [33mPress CTRL+C to quit[0m
2026-04-29 18:07:51 [INFO]  * Restarting with stat
2026-04-29 18:07:52 [INFO] 🚀 Starting Flask server on port 5000...
2026-04-29 18:07:52 [WARNING]  * Debugger is active!
2026-04-29 18:07:52 [INFO]  * Debugger PIN: 218-154-981
2026-04-29 18:07:54 [INFO] 📡 Calling TU API for user: 6709420019
2026-04-29 18:07:55 [INFO] 📥 TU API Response: 200
2026-04-29 18:08:00 [INFO] 127.0.0.1 - - [29/Apr/2026 18:08:00] "POST /api/login HTTP/1.1" 200 -
2026-04-29 18:08:11 [INFO]  * Detected change in 'c:\\Users\\Lenovo\\Desktop\\CS\\Year_2\\2\\CS242\\Slitherhub\\backend\\model\\user_model.py', reloading
2026-04-29 18:08:11 [INFO]  * Restarting with stat
2026-04-29 18:08:11 [INFO] 🚀 Starting Flask server on port 5000...
2026-04-29 18:08:11 [WARNING]  * Debugger is active!
2026-04-29 18:08:11 [INFO]  * Debugger PIN: 218-154-981
2026-04-29 18:08:13 [INFO] 📡 Calling TU API for user: 6709420019
2026-04-29 18:08:14 [INFO] 📥 TU API Response: 200
2026-04-29 18:08:20 [INFO] 127.0.0.1 - - [29/Apr/2026 18:08:20] "POST /api/login HTTP/1.1" 200 -
2026-04-29 18:09:06 [INFO]  * Detected change in 'c:\\Users\\Lenovo\\Desktop\\CS\\Year_2\\2\\CS242\\Slitherhub\\backend\\model\\user_model.py', reloading
2026-04-29 18:09:06 [INFO]  * Restarting with stat
2026-04-29 18:09:06 [INFO] 🚀 Starting Flask server on port 5000...
2026-04-29 18:09:06 [WARNING]  * Debugger is active!
2026-04-29 18:09:06 [INFO]  * Debugger PIN: 218-154-981
2026-04-29 18:09:38 [INFO] 📡 Calling TU API for user: 6709420019
2026-04-29 18:09:39 [INFO] 📥 TU API Response: 200
2026-04-29 18:09:44 [INFO] 127.0.0.1 - - [29/Apr/2026 18:09:44] "POST /api/login HTTP/1.1" 200 -
2026-04-29 18:10:46 [INFO]  * Detected change in 'c:\\Users\\Lenovo\\Desktop\\CS\\Year_2\\2\\CS242\\Slitherhub\\backend\\model\\user_model.py', reloading
2026-04-29 18:10:46 [INFO]  * Restarting with stat
2026-04-29 18:10:46 [INFO] 🚀 Starting Flask server on port 5000...
2026-04-29 18:10:46 [WARNING]  * Debugger is active!
2026-04-29 18:10:46 [INFO]  * Debugger PIN: 218-154-981
2026-04-29 18:10:50 [INFO]  * Detected change in 'c:\\Users\\Lenovo\\Desktop\\CS\\Year_2\\2\\CS242\\Slitherhub\\backend\\model\\user_model.py', reloading
2026-04-29 18:10:50 [INFO]  * Restarting with stat
2026-04-29 18:10:50 [INFO] 🚀 Starting Flask server on port 5000...
2026-04-29 18:10:50 [WARNING]  * Debugger is active!
2026-04-29 18:10:50 [INFO]  * Debugger PIN: 218-154-981
2026-04-29 18:10:52 [INFO]  * Detected change in 'c:\\Users\\Lenovo\\Desktop\\CS\\Year_2\\2\\CS242\\Slitherhub\\backend\\model\\user_model.py', reloading
2026-04-29 18:10:52 [INFO]  * Restarting with stat
2026-04-29 18:10:52 [INFO] 🚀 Starting Flask server on port 5000...
2026-04-29 18:10:52 [WARNING]  * Debugger is active!
2026-04-29 18:10:52 [INFO]  * Debugger PIN: 218-154-981
2026-04-29 18:10:54 [INFO]  * Detected change in 'c:\\Users\\Lenovo\\Desktop\\CS\\Year_2\\2\\CS242\\Slitherhub\\backend\\model\\user_model.py', reloading
2026-04-29 18:10:54 [INFO]  * Restarting with stat
2026-04-29 18:10:54 [INFO] 🚀 Starting Flask server on port 5000...
2026-04-29 18:10:54 [WARNING]  * Debugger is active!
2026-04-29 18:10:54 [INFO]  * Debugger PIN: 218-154-981
2026-04-29 18:10:56 [INFO] 📡 Calling TU API for user: 6709420019
2026-04-29 18:10:56 [INFO] 📥 TU API Response: 200
2026-04-29 18:11:02 [INFO] 127.0.0.1 - - [29/Apr/2026 18:11:02] "POST /api/login HTTP/1.1" 200 -
2026-04-29 18:17:09 [INFO] 🚀 Starting Flask server on port 5000...
2026-04-29 18:17:09 [INFO] [31m[1mWARNING: This is a development server. Do not use it in a production deployment. Use a production WSGI server instead.[0m
 * Running on http://127.0.0.1:5000
2026-04-29 18:17:09 [INFO] [33mPress CTRL+C to quit[0m
2026-04-29 18:17:09 [INFO]  * Restarting with stat
2026-04-29 18:17:10 [INFO] 🚀 Starting Flask server on port 5000...
2026-04-29 18:17:10 [WARNING]  * Debugger is active!
2026-04-29 18:17:10 [INFO]  * Debugger PIN: 218-154-981
2026-04-29 18:17:13 [INFO] 📡 Calling TU API for user: 6709420019
2026-04-29 18:17:13 [INFO] 📥 TU API Response: 200
2026-04-29 18:17:22 [INFO] 127.0.0.1 - - [29/Apr/2026 18:17:22] "POST /api/login HTTP/1.1" 200 -
2026-04-29 18:17:29 [INFO] 📡 Calling TU API for user: 6709420019
2026-04-29 18:17:30 [INFO] 📥 TU API Response: 200
2026-04-29 18:17:35 [INFO] 127.0.0.1 - - [29/Apr/2026 18:17:35] "POST /api/login HTTP/1.1" 200 -
2026-04-29 18:19:49 [INFO]  * Detected change in 'c:\\Users\\Lenovo\\Desktop\\CS\\Year_2\\2\\CS242\\Slitherhub\\backend\\model\\user_model.py', reloading
2026-04-29 18:19:49 [INFO]  * Restarting with stat
2026-04-29 18:20:34 [INFO] 🚀 Starting Flask server on port 5000...
2026-04-29 18:20:34 [INFO] [31m[1mWARNING: This is a development server. Do not use it in a production deployment. Use a production WSGI server instead.[0m
 * Running on http://127.0.0.1:5000
2026-04-29 18:20:34 [INFO] [33mPress CTRL+C to quit[0m
2026-04-29 18:20:34 [INFO]  * Restarting with stat
2026-04-29 18:20:35 [INFO] 🚀 Starting Flask server on port 5000...
2026-04-29 18:20:35 [WARNING]  * Debugger is active!
2026-04-29 18:20:35 [INFO]  * Debugger PIN: 218-154-981
2026-04-29 18:20:44 [INFO] 📡 Calling TU API for user: 6709420019
2026-04-29 18:20:45 [INFO] 📥 TU API Response: 200
2026-04-29 18:20:50 [INFO] 127.0.0.1 - - [29/Apr/2026 18:20:50] "POST /api/login HTTP/1.1" 200 -
2026-04-29 18:20:57 [INFO] 📡 Calling TU API for user: 6709420019
2026-04-29 18:20:58 [INFO] 📥 TU API Response: 200
2026-04-29 18:21:03 [INFO] 127.0.0.1 - - [29/Apr/2026 18:21:03] "POST /api/login HTTP/1.1" 200 -
